<html>
<body>
<pre>
<h1>µVision Build Log</h1>
<h2>Tool Versions:</h2>
IDE-Version: ¦ÌVision V5.15
Copyright (C) 2015 ARM Ltd and ARM Germany GmbH. All rights reserved.
License Information:  ,  , LIC=NHY63-AMQB9-MQ50F-60V59-UUXXK-ST4BG
 
Tool Versions:
Toolchain:       MDK-ARM Professional  Version: 5.15.0
Toolchain Path:  C:\Keil_v5\ARM\ARMCC\Bin
C Compiler:      Armcc.exe V5.05 update 2 (build 169)
Assembler:       Armasm.exe V5.05 update 2 (build 169)
Linker/Locator:  ArmLink.exe V5.05 update 2 (build 169)
Library Manager: ArmAr.exe V5.05 update 2 (build 169)
Hex Converter:   FromElf.exe V5.05 update 2 (build 169)
CPU DLL:         SARMCM3.DLL V5.15.0
Dialog DLL:      DCM.DLL V1.13.2.0
Target DLL:      Segger\JL2CM3.dll V2.99.15.0
Dialog DLL:      TCM.DLL V1.14.5.0
 
<h2>Project:</h2>
D:\STM32F103-MINI\FWlib-LED\FWlib-LED.uvprojx
Project File Date:  11/27/2022

<h2>Output:</h2>
*** Using Compiler 'V5.05 update 2 (build 169)', folder: 'C:\Keil_v5\ARM\ARMCC\Bin'
Rebuild target 'Target 1'
compiling main.c...
User\stm32f10x.h(49): warning:  #1-D: last line of file ends without a newline
  # endif
.\App\stm32f10x_gpio\stm32f10x_gpio.h(63): warning:  #1-D: last line of file ends without a newline
  # endif
User\main.c(38): warning:  #1-D: last line of file ends without a newline
  }
User\main.c: 3 warnings, 0 errors
assembling startup_stm32f10x_hd.s...
compiling stm32f10x_gpio.c...
.\User\stm32f10x.h(49): warning:  #1-D: last line of file ends without a newline
  # endif
App\stm32f10x_gpio\stm32f10x_gpio.h(63): warning:  #1-D: last line of file ends without a newline
  # endif
App\stm32f10x_gpio\stm32f10x_gpio.c(126): warning:  #1-D: last line of file ends without a newline
  }
App\stm32f10x_gpio\stm32f10x_gpio.c: 3 warnings, 0 errors
linking...
Program Size: Code=692 RO-data=320 RW-data=0 ZI-data=1632  
".\Obj\FWlib-LED.axf" - 0 Error(s), 6 Warning(s).

<h2>Collection of Component include folders:</h2>
  D:\STM32F103-MINI\FWlib-LED\RTE
  C:\Keil_v5\ARM\PACK\Keil\STM32F1xx_DFP\1.1.0\Device\Include

<h2>Collection of Component Files used:</h2>
</pre>
</body>
</html>
