<html>
<body>
<pre>
<h1>礦ision Build Log</h1>
<h2>Tool Versions:</h2>
IDE-Version: μVision V5.15
Copyright (C) 2015 ARM Ltd and ARM Germany GmbH. All rights reserved.
License Information:  ,  , LIC=NHY63-AMQB9-MQ50F-60V59-UUXXK-ST4BG
 
Tool Versions:
Toolchain:       MDK-ARM Professional  Version: 5.15.0
Toolchain Path:  C:\Keil_v5\ARM\ARMCC\Bin
C Compiler:      Armcc.exe V5.05 update 2 (build 169)
Assembler:       Armasm.exe V5.05 update 2 (build 169)
Linker/Locator:  ArmLink.exe V5.05 update 2 (build 169)
Library Manager: ArmAr.exe V5.05 update 2 (build 169)
Hex Converter:   FromElf.exe V5.05 update 2 (build 169)
CPU DLL:         SARMCM3.DLL V5.15.0
Dialog DLL:      DCM.DLL V1.13.2.0
Target DLL:      Segger\JL2CM3.dll V2.99.15.0
Dialog DLL:      TCM.DLL V1.14.5.0
 
<h2>Project:</h2>
D:\野火STM32F103-MINI\1.点亮一个LED灯\点亮一个LED灯.uvprojx
Project File Date:  11/26/2022

<h2>Output:</h2>
*** Using Compiler 'V5.05 update 2 (build 169)', folder: 'C:\Keil_v5\ARM\ARMCC\Bin'
Rebuild target 'Target 1'
compiling main.c...
stm32f10x.h(25): warning:  #1-D: last line of file ends without a newline
  # define GPIOC_LCKR     (*(unsigned int *)(GPIOC_BASE + 0x18)) //閰?缃?閿?瀹?瀵?瀛?鍣?
main.c(36): warning:  #1-D: last line of file ends without a newline
  }
main.c: 2 warnings, 0 errors
assembling startup_stm32f10x_hd.s...
linking...
Program Size: Code=428 RO-data=320 RW-data=0 ZI-data=1632  
FromELF: creating hex file...
".\Obj\点亮一个LED灯.axf" - 0 Error(s), 2 Warning(s).

<h2>Collection of Component include folders:</h2>
  D:\野火STM32F103-MINI\1.点亮一个LED灯\RTE
  C:\Keil_v5\ARM\PACK\Keil\STM32F1xx_DFP\1.1.0\Device\Include

<h2>Collection of Component Files used:</h2>
</pre>
</body>
</html>
